---
js: 
  - "vendor/vendor.min.6ecb9bde.js"
css:
  - "css/app.02f3504f.css"
